<html>
<body>
<pre>
<h1>礦ision Build Log</h1>
<h2>Project:</h2>
D:\Documents\Me\类人非标\LRFB_TXR\Project\RVMDK（uv4）\类人非标_txr.uvproj
Project File Date:  05/14/2016

<h2>Output:</h2>
Build target 'Target 1'
linking...
Program Size: Code=14112 RO-data=336 RW-data=60 ZI-data=1028  
FromELF: creating hex file...
"..\..\Output\LRFB_txr.axf" - 0 Errors, 0 Warning(s).
Load "..\\..\\Output\\LRFB_txr.axf" 
Build target 'Target 1'
linking...
Program Size: Code=14112 RO-data=336 RW-data=60 ZI-data=1028  
FromELF: creating hex file...
"..\..\Output\LRFB_txr.axf" - 0 Errors, 0 Warning(s).
Load "..\\..\\Output\\LRFB_txr.axf" 
Build target 'Target 1'
linking...
Program Size: Code=14112 RO-data=336 RW-data=60 ZI-data=1028  
FromELF: creating hex file...
"..\..\Output\LRFB_txr.axf" - 0 Errors, 0 Warning(s).
Load "..\\..\\Output\\LRFB_txr.axf" 
Erase Done.
Programming Done.
Verify OK.
Application running ...
Load "..\\..\\Output\\LRFB_txr.axf" 
Erase Done.
Programming Done.
Verify OK.
Application running ...
Build target 'Target 1'
compiling main.c...
..\..\User\main.c(75): warning:  #111-D: statement is unreachable
linking...
Program Size: Code=14136 RO-data=336 RW-data=60 ZI-data=1028  
FromELF: creating hex file...
"..\..\Output\LRFB_txr.axf" - 0 Errors, 1 Warning(s).
Load "..\\..\\Output\\LRFB_txr.axf" 
Erase Done.
Programming Done.
Verify OK.
Application running ...
Build target 'Target 1'
compiling main.c...
..\..\User\main.c(75): warning:  #111-D: statement is unreachable
linking...
Program Size: Code=14144 RO-data=336 RW-data=60 ZI-data=1028  
FromELF: creating hex file...
"..\..\Output\LRFB_txr.axf" - 0 Errors, 1 Warning(s).
Load "..\\..\\Output\\LRFB_txr.axf" 
Erase Done.
Programming Done.
Verify OK.
Application running ...
Build target 'Target 1'
compiling main.c...
..\..\User\main.c(77): warning:  #111-D: statement is unreachable
..\..\User\main.c(293): warning:  #223-D: function "start1" declared implicitly
..\..\User\main.c(297): warning:  #223-D: function "end1" declared implicitly
compiling jushou.c...
linking...
Program Size: Code=14388 RO-data=336 RW-data=64 ZI-data=1024  
FromELF: creating hex file...
"..\..\Output\LRFB_txr.axf" - 0 Errors, 3 Warning(s).
Load "..\\..\\Output\\LRFB_txr.axf" 
Erase Done.
Programming Done.
Verify OK.
Application running ...
Build target 'Target 1'
linking...
Program Size: Code=14388 RO-data=336 RW-data=64 ZI-data=1024  
FromELF: creating hex file...
"..\..\Output\LRFB_txr.axf" - 0 Errors, 0 Warning(s).
Load "..\\..\\Output\\LRFB_txr.axf" 
Erase Done.
Programming Done.
Verify OK.
Application running ...
Build target 'Target 1'
compiling main.c...
..\..\User\main.c(77): warning:  #111-D: statement is unreachable
..\..\User\main.c(293): warning:  #223-D: function "start1" declared implicitly
..\..\User\main.c(297): warning:  #223-D: function "end1" declared implicitly
compiling jushou.c...
linking...
Program Size: Code=14300 RO-data=336 RW-data=64 ZI-data=1024  
FromELF: creating hex file...
"..\..\Output\LRFB_txr.axf" - 0 Errors, 3 Warning(s).
Build target 'Target 1'
compiling main.c...
..\..\User\main.c(77): warning:  #111-D: statement is unreachable
compiling jushou.c...
linking...
Program Size: Code=14300 RO-data=336 RW-data=64 ZI-data=1024  
FromELF: creating hex file...
"..\..\Output\LRFB_txr.axf" - 0 Errors, 1 Warning(s).
Load "..\\..\\Output\\LRFB_txr.axf" 
Build target 'Target 1'
compiling main.c...
..\..\User\main.c(77): warning:  #111-D: statement is unreachable
compiling jushou.c...
linking...
Program Size: Code=13872 RO-data=336 RW-data=64 ZI-data=1024  
FromELF: creating hex file...
"..\..\Output\LRFB_txr.axf" - 0 Errors, 1 Warning(s).
Load "..\\..\\Output\\LRFB_txr.axf" 
Erase Done.
Programming Done.
Verify OK.
Application running ...
Build target 'Target 1'
linking...
Program Size: Code=13872 RO-data=336 RW-data=64 ZI-data=1024  
FromELF: creating hex file...
"..\..\Output\LRFB_txr.axf" - 0 Errors, 0 Warning(s).
Load "..\\..\\Output\\LRFB_txr.axf" 
Erase Done.
Programming Done.
Verify OK.
Application running ...
Build target 'Target 1'
compiling main.c...
..\..\User\main.c(77): warning:  #111-D: statement is unreachable
linking...
Program Size: Code=13872 RO-data=336 RW-data=64 ZI-data=1024  
FromELF: creating hex file...
"..\..\Output\LRFB_txr.axf" - 0 Errors, 1 Warning(s).
Load "..\\..\\Output\\LRFB_txr.axf" 
Erase Done.
Programming Done.
Verify OK.
Application running ...
Build target 'Target 1'
linking...
Program Size: Code=13872 RO-data=336 RW-data=64 ZI-data=1024  
FromELF: creating hex file...
"..\..\Output\LRFB_txr.axf" - 0 Errors, 0 Warning(s).
Load "..\\..\\Output\\LRFB_txr.axf" 
Erase Done.
Programming Done.
Verify OK.
Application running ...
Load "..\\..\\Output\\LRFB_txr.axf" 
Erase Done.
Programming Done.
Verify OK.
Application running ...
Load "..\\..\\Output\\LRFB_txr.axf" 
Erase Done.
Programming Done.
Verify OK.
Application running ...
