<html>
<body>
<pre>
<h1>礦ision Build Log</h1>
<h2>Project:</h2>
D:\Documents\Me\类人非标\LRFB_TXR\Project\RVMDK（uv4）\类人非标_txr.uvproj
Project File Date:  04/27/2016

<h2>Output:</h2>
Build target 'Target 1'
compiling exti.c...
compiling main.c...
..\..\User\main.c(48): warning:  #111-D: statement is unreachable
compiling motor.c...
compiling tool.c...
linking...
Program Size: Code=12208 RO-data=336 RW-data=44 ZI-data=1028  
FromELF: creating hex file...
"..\..\Output\LRFB_txr.axf" - 0 Errors, 1 Warning(s).
